[{"y":1918,"t":5,"m":0,"f":5,"mr":null,"fr":439,"mp":0,"fp":0.000184243496204584},{"y":1921,"t":12,"m":5,"f":7,"mr":427,"fr":377,"mp":0.00020317769921573408,"fp":0.00023557126030624264},{"y":1926,"t":6,"m":6,"f":0,"mr":353,"fr":null,"mp":0.0002708803611738149,"fp":0}]