[{"y":1912,"t":8,"m":0,"f":8,"mr":null,"fr":269,"mp":0,"fp":0.0005869836378310955},{"y":1913,"t":5,"m":0,"f":5,"mr":null,"fr":377,"mp":0,"fp":0.0003195092338168573},{"y":1915,"t":6,"m":0,"f":6,"mr":null,"fr":429,"mp":0,"fp":0.0002543774112858778},{"y":1916,"t":7,"m":0,"f":7,"mr":null,"fr":394,"mp":0,"fp":0.00029106029106029104},{"y":1917,"t":6,"m":0,"f":6,"mr":null,"fr":431,"mp":0,"fp":0.00024233612019871562},{"y":1918,"t":8,"m":0,"f":8,"mr":null,"fr":391,"mp":0,"fp":0.0002959893443836022},{"y":1919,"t":7,"m":0,"f":7,"mr":null,"fr":410,"mp":0,"fp":0.0002589715131335553},{"y":1920,"t":7,"m":0,"f":7,"mr":null,"fr":426,"mp":0,"fp":0.00024202192027106455},{"y":1921,"t":10,"m":0,"f":10,"mr":null,"fr":355,"mp":0,"fp":0.0003167564143173899},{"y":1922,"t":7,"m":0,"f":7,"mr":null,"fr":443,"mp":0,"fp":0.00023303039382136556},{"y":1923,"t":14,"m":9,"f":5,"mr":329,"fr":549,"mp":0.00034844554570444074,"fp":0.00016601919181857423},{"y":1924,"t":6,"m":6,"f":0,"mr":447,"fr":null,"mp":0.00022270061613837133,"fp":0},{"y":1925,"t":5,"m":0,"f":5,"mr":null,"fr":532,"mp":0,"fp":0.000166761164659974},{"y":1926,"t":13,"m":6,"f":7,"mr":413,"fr":409,"mp":0.00023486123615297296,"fp":0.0002455623377534554},{"y":1928,"t":10,"m":0,"f":10,"mr":null,"fr":338,"mp":0,"fp":0.00036023054755043225},{"y":1931,"t":5,"m":0,"f":5,"mr":null,"fr":492,"mp":0,"fp":0.00019236688211757464},{"y":1932,"t":6,"m":0,"f":6,"mr":null,"fr":433,"mp":0,"fp":0.00021957110444265535},{"y":1936,"t":5,"m":0,"f":5,"mr":null,"fr":454,"mp":0,"fp":0.0001943407960199005},{"y":1938,"t":6,"m":6,"f":0,"mr":408,"fr":null,"mp":0.000214569252226156,"fp":0}]