[{"y":1921,"t":5,"m":0,"f":5,"mr":null,"fr":538,"mp":0,"fp":0.000190056256651969}]