[{"y":1916,"t":5,"m":0,"f":5,"mr":null,"fr":476,"mp":0,"fp":0.00021640337589266391},{"y":1922,"t":7,"m":0,"f":7,"mr":null,"fr":418,"mp":0,"fp":0.00024826216484607745}]