[{"y":1913,"t":5,"m":5,"f":0,"mr":125,"fr":null,"mp":0.00249500998003992,"fp":0},{"y":1916,"t":6,"m":6,"f":0,"mr":173,"fr":null,"mp":0.0015166835187057635,"fp":0},{"y":1920,"t":6,"m":6,"f":0,"mr":177,"fr":null,"mp":0.001282051282051282,"fp":0},{"y":1925,"t":5,"m":5,"f":0,"mr":197,"fr":null,"mp":0.0009873617693522906,"fp":0},{"y":1929,"t":5,"m":5,"f":0,"mr":192,"fr":null,"mp":0.0010782833728703904,"fp":0}]