[{"y":2020,"t":7,"m":7,"f":0,"mr":1444,"fr":null,"mp":0.00008002286367533581,"fp":0}]