[{"y":1978,"t":5,"m":5,"f":0,"mr":913,"fr":null,"mp":0.00006297625795075257,"fp":0}]