[{"y":1919,"t":5,"m":5,"f":0,"mr":516,"fr":null,"mp":0.0001962400408179285,"fp":0},{"y":1924,"t":6,"m":6,"f":0,"mr":437,"fr":null,"mp":0.0002313030069390902,"fp":0}]