[{"y":1917,"t":5,"m":0,"f":5,"mr":null,"fr":438,"mp":0,"fp":0.0002840909090909091},{"y":1918,"t":6,"m":0,"f":6,"mr":null,"fr":406,"mp":0,"fp":0.00031104199066874026}]