[{"y":2018,"t":5,"m":0,"f":5,"mr":null,"fr":2149,"mp":0,"fp":0.000058867853442592066},{"y":2022,"t":6,"m":6,"f":0,"mr":1669,"fr":null,"mp":0.00006332253332348316,"fp":0}]