[{"y":1910,"t":5,"m":0,"f":5,"mr":null,"fr":313,"mp":0,"fp":0.00045749839875560436},{"y":1916,"t":5,"m":0,"f":5,"mr":null,"fr":517,"mp":0,"fp":0.0001733402669440111},{"y":1919,"t":7,"m":7,"f":0,"mr":356,"fr":null,"mp":0.00027605789328390585,"fp":0},{"y":1920,"t":5,"m":5,"f":0,"mr":441,"fr":null,"mp":0.0001795009872554299,"fp":0}]