[{"y":1914,"t":5,"m":5,"f":0,"mr":431,"fr":null,"mp":0.00023806122934818836,"fp":0},{"y":1915,"t":8,"m":8,"f":0,"mr":348,"fr":null,"mp":0.0003246357992127582,"fp":0},{"y":1916,"t":5,"m":5,"f":0,"mr":481,"fr":null,"mp":0.00019142419601837673,"fp":0},{"y":1917,"t":8,"m":8,"f":0,"mr":356,"fr":null,"mp":0.0003055534336567107,"fp":0},{"y":1919,"t":8,"m":8,"f":0,"mr":402,"fr":null,"mp":0.00025793139025019347,"fp":0},{"y":1922,"t":6,"m":0,"f":6,"mr":null,"fr":521,"mp":0,"fp":0.00016056948644525918},{"y":1937,"t":5,"m":5,"f":0,"mr":466,"fr":null,"mp":0.00017179178835251675,"fp":0}]