[{"y":1979,"t":5,"m":5,"f":0,"mr":1491,"fr":null,"mp":0.000027817649742408563,"fp":0},{"y":2014,"t":13,"m":5,"f":8,"mr":2706,"fr":2591,"mp":0.000021629291251384276,"fp":0.000038183423621220435},{"y":2015,"t":5,"m":0,"f":5,"mr":null,"fr":3608,"mp":0,"fp":0.00002436730297817177},{"y":2017,"t":5,"m":5,"f":0,"mr":2667,"fr":null,"mp":0.00002320282517599343,"fp":0},{"y":2018,"t":7,"m":7,"f":0,"mr":2106,"fr":null,"mp":0.00003394301452761022,"fp":0},{"y":2019,"t":15,"m":8,"f":7,"mr":1931,"fr":2694,"mp":0.00003945395723191036,"fp":0.000037996395770458344},{"y":2020,"t":13,"m":7,"f":6,"mr":2037,"fr":2938,"mp":0.0000370137320946071,"fp":0.00003452979057682015},{"y":2021,"t":11,"m":5,"f":6,"mr":2632,"fr":2961,"mp":0.000026501439028139227,"fp":0.00003450000862500216},{"y":2022,"t":11,"m":5,"f":6,"mr":2656,"fr":2990,"mp":0.00002665685694331153,"fp":0.00003479188653206073}]