[{"y":1918,"t":5,"m":0,"f":5,"mr":null,"fr":522,"mp":0,"fp":0.0002413942934389031},{"y":1919,"t":5,"m":0,"f":5,"mr":null,"fr":511,"mp":0,"fp":0.00022996964400699108},{"y":1920,"t":5,"m":5,"f":0,"mr":445,"fr":null,"mp":0.0002677376171352075,"fp":0},{"y":1924,"t":5,"m":0,"f":5,"mr":null,"fr":541,"mp":0,"fp":0.00020539785564638706},{"y":1929,"t":5,"m":5,"f":0,"mr":440,"fr":null,"mp":0.00026318559848405093,"fp":0}]