[{"y":1912,"t":8,"m":8,"f":0,"mr":127,"fr":null,"mp":0.0016048144433299899,"fp":0},{"y":1914,"t":6,"m":6,"f":0,"mr":217,"fr":null,"mp":0.00074673304293715,"fp":0},{"y":1915,"t":8,"m":8,"f":0,"mr":213,"fr":null,"mp":0.0007191011235955057,"fp":0},{"y":1916,"t":5,"m":5,"f":0,"mr":306,"fr":null,"mp":0.0004471871925588051,"fp":0},{"y":1918,"t":9,"m":9,"f":0,"mr":226,"fr":null,"mp":0.0006418485237483953,"fp":0},{"y":1919,"t":7,"m":7,"f":0,"mr":263,"fr":null,"mp":0.0005232471221408282,"fp":0},{"y":1920,"t":11,"m":11,"f":0,"mr":198,"fr":null,"mp":0.0007233986584243062,"fp":0},{"y":1921,"t":13,"m":13,"f":0,"mr":189,"fr":null,"mp":0.0007725219871642501,"fp":0},{"y":1922,"t":7,"m":7,"f":0,"mr":294,"fr":null,"mp":0.00042031944277651017,"fp":0},{"y":1923,"t":6,"m":6,"f":0,"mr":328,"fr":null,"mp":0.0003484927687750479,"fp":0},{"y":1924,"t":10,"m":10,"f":0,"mr":240,"fr":null,"mp":0.0005417705060136526,"fp":0},{"y":1925,"t":8,"m":8,"f":0,"mr":276,"fr":null,"mp":0.00045400374553090066,"fp":0},{"y":1927,"t":6,"m":6,"f":0,"mr":326,"fr":null,"mp":0.00032815576460293154,"fp":0},{"y":1928,"t":8,"m":8,"f":0,"mr":272,"fr":null,"mp":0.0004451368795904741,"fp":0},{"y":1929,"t":5,"m":5,"f":0,"mr":352,"fr":null,"mp":0.00029882859191967485,"fp":0},{"y":1930,"t":6,"m":6,"f":0,"mr":305,"fr":null,"mp":0.0003499358450950659,"fp":0},{"y":1931,"t":7,"m":7,"f":0,"mr":283,"fr":null,"mp":0.0004320987654320988,"fp":0},{"y":1935,"t":7,"m":7,"f":0,"mr":277,"fr":null,"mp":0.0003906032029462642,"fp":0},{"y":1939,"t":5,"m":5,"f":0,"mr":345,"fr":null,"mp":0.0002636018557570645,"fp":0},{"y":1945,"t":5,"m":5,"f":0,"mr":330,"fr":null,"mp":0.0002735229759299781,"fp":0},{"y":1946,"t":6,"m":6,"f":0,"mr":313,"fr":null,"mp":0.00025868759161852203,"fp":0}]