[{"y":1913,"t":5,"m":5,"f":0,"mr":337,"fr":null,"mp":0.0003507787287778869,"fp":0},{"y":1917,"t":6,"m":6,"f":0,"mr":458,"fr":null,"mp":0.000226928895612708,"fp":0},{"y":1919,"t":6,"m":6,"f":0,"mr":494,"fr":null,"mp":0.00019579689335595874,"fp":0},{"y":1922,"t":5,"m":5,"f":0,"mr":590,"fr":null,"mp":0.0001471323897242739,"fp":0},{"y":1923,"t":5,"m":5,"f":0,"mr":575,"fr":null,"mp":0.00014979478114982475,"fp":0},{"y":1930,"t":5,"m":5,"f":0,"mr":548,"fr":null,"mp":0.00015006002400960383,"fp":0},{"y":1932,"t":5,"m":5,"f":0,"mr":531,"fr":null,"mp":0.0001470631489161446,"fp":0}]