[{"y":1910,"t":5,"m":0,"f":5,"mr":null,"fr":533,"mp":0,"fp":0.0002588661661920787},{"y":1914,"t":5,"m":0,"f":5,"mr":null,"fr":749,"mp":0,"fp":0.00014138672095916752},{"y":1916,"t":5,"m":0,"f":5,"mr":null,"fr":890,"mp":0,"fp":0.00011100503962879914},{"y":1919,"t":6,"m":0,"f":6,"mr":null,"fr":841,"mp":0,"fp":0.00011569610489780177},{"y":1922,"t":6,"m":0,"f":6,"mr":null,"fr":872,"mp":0,"fp":0.00010177426468093768},{"y":1925,"t":5,"m":0,"f":5,"mr":null,"fr":1015,"mp":0,"fp":0.00008102283223412357},{"y":1927,"t":5,"m":0,"f":5,"mr":null,"fr":1003,"mp":0,"fp":0.00008254502831294471},{"y":2019,"t":12,"m":5,"f":7,"mr":2513,"fr":2647,"mp":0.000028705936387644965,"fp":0.00004422709983951881},{"y":2021,"t":7,"m":7,"f":0,"mr":2069,"fr":null,"mp":0.000041026602821458085,"fp":0}]